// Jest Snapshot v1, https://goo.gl/fbAQLP

exports[`Components: Chart Renders correctly 1`] = `
<div>
  <div
    class="chart"
    data-testid="chart"
  >
    <div
      class="headerText"
    >
      <h3
        class="headerText_1"
      >
        How much money do you need?
      </h3>
      <h2
        class="headerText_2"
      >
        Calculate your loan
      </h2>
    </div>
    <div
      class="slider_wrapper"
    >
      <input
        class="slider loan_input"
        data-testid="loan_input"
        max="10000"
        min="100"
        type="range"
        value="100"
      />
    </div>
    <div
      class="slider_wrapper"
    >
      <input
        class="slider therm_input"
        data-testid="therm_input"
        max="48"
        min="1"
        type="range"
        value="1"
      />
    </div>
    <div
      class="summary"
    >
      <div
        class="summary_group"
      >
        <div
          class="summary_group_text"
          data-testid="capture_text"
        >
          You are getting
        </div>
        <div
          class="summary_group_flex"
        >
          <div
            class="summary_group_value"
            data-testid="loan_value"
          >
            100
          </div>
          <div
            class="summary_group_postfix"
            data-testid="capture_postfix"
          >
            EUR
          </div>
        </div>
      </div>
      <div
        class="summary_group"
      >
        <div
          class="summary_group_text"
          data-testid="capture_text"
        >
          Terms of use
        </div>
        <div
          class="summary_group_flex"
        >
          <div
            class="summary_group_value"
            data-testid="therm_value"
          >
            1
          </div>
          <div
            class="summary_group_postfix"
            data-testid="capture_postfix"
          >
            month
          </div>
        </div>
      </div>
      <div
        class="summary_group"
      >
        <div
          class="summary_group_text"
          data-testid="capture_text"
        >
          Monthly payment
        </div>
        <div
          class="summary_group_flex"
        >
          <div
            class="summary_group_value"
          >
            130
          </div>
          <div
            class="summary_group_postfix"
            data-testid="capture_postfix"
          >
            EUR
          </div>
        </div>
      </div>
    </div>
    <button
      class="chart_btn"
    >
      Apply
    </button>
  </div>
</div>
`;
